'Description' field is empty.<br>Ash fall: associated file not set.<br>Ash fall: discretization distance is empty.<br>Lava flow: associated file not set.<br>Lava flow: discretization distance is empty.<br>Lahar: associated file not set.<br>Lahar: discretization distance is empty.<br>Pyroclastic density currents: associated file not set.<br>Pyroclastic density currents: discretization distance is empty.<br>'Ash wet amplification factor' value must be &gt;= 1.0.<br>Fragility function associated file not set.<br>Consequence models file not set.<br>'Exposure model' field is empty.<br>Entry #1 of exposure model 'Region constraint' field is invalid (null, null).<br>Entry #2 of exposure model 'Region constraint' field is invalid (null, null).<br>Entry #3 of exposure model 'Region constraint' field is invalid (null, null).<br>'Asset hazard distance' field is empty.<br>
