Failed: missing column 'second' in csv file 'exposure_wrong_header.csv'
