'Description' field is empty.<br>Ash fall: asset hazard distance not set.<br>Ash fall: associated file not set.<br>Ash fall: EPSG is empty.<br>Lava flow: asset hazard distance not set.<br>Lava flow: associated file not set.<br>Lava flow: EPSG is empty.<br>Lahar: asset hazard distance not set.<br>Lahar: associated file not set.<br>Lahar: EPSG is empty.<br>Pyroclastic density currents: asset hazard distance not set.<br>Pyroclastic density currents: associated file not set.<br>Pyroclastic density currents: EPSG is empty.<br>'Ash wet amplification factor' value must be &gt;= 1.0.<br>Fragility function associated file not set.<br>Consequence models file not set.<br>'Exposure model' field is empty.<br>