Failed: at row 2 of csv file 'exposure_wrong_ncol.csv' columns number is 16 instead of 17
